// Jest Snapshot v1, https://goo.gl/fbAQLP

exports[`Screen component matches snapshot 1`] = `
<div
  className="screen"
>
  <div
    className="statusbar"
  >
    <span
      className="charcounter"
    >
      129
    </span>
    <span
      className="clock"
    >
      0:00
    </span>
  </div>
  <div
    className="textbox"
  >
    hello world
  </div>
  <div
    className="actions"
  >
    <button
      className="actions--reset"
      onClick={[Function]}
    >
      Reset
    </button>
    <button
      className="actions--send"
      onClick={[Function]}
    >
      Send
    </button>
    <button
      className="actions--delete"
      onClick={[Function]}
    >
      Delete
    </button>
  </div>
</div>
`;
